[themes.muffingroup.com/be/mechanic/index.html]
[www.google-analytics.com/analytics.js]
[backblue.gif]
[fade.gif]
[index.html]
[themes.muffingroup.com/be/mechanic/wp-content/themes/betheme/images/favicon.ico]
[themes.muffingroup.com/be/mechanic/wp-includes/css/dist/block-library/style.min.css]
[themes.muffingroup.com/be/mechanic/feed/index.html]
[themes.muffingroup.com/be/mechanic/wp-content/plugins/contact-form-7/includes/css/styles.css]
[themes.muffingroup.com/be/mechanic/wp-content/plugins/revslider/public/assets/css/rs6.css]
[themes.muffingroup.com/be/mechanic/home/feed/index.html]
[themes.muffingroup.com/be/mechanic/comments/feed/index.html]
[themes.muffingroup.com/be/mechanic/wp-content/themes/betheme/style.css]
[themes.muffingroup.com/be/mechanic/wp-content/themes/betheme/css/base.css]
[themes.muffingroup.com/be/mechanic/wp-content/themes/betheme/css/layout.css]
[themes.muffingroup.com/be/mechanic/wp-content/themes/betheme/css/shortcodes.css]
[themes.muffingroup.com/be/mechanic/wp-content/themes/betheme/assets/animations/animations.min.css]
[themes.muffingroup.com/be/mechanic/wp-content/themes/betheme/assets/ui/jquery.ui.all.css]
[themes.muffingroup.com/be/mechanic/wp-content/themes/betheme/assets/jplayer/css/jplayer.blue.monday.css]
[themes.muffingroup.com/be/mechanic/wp-content/themes/betheme/css/responsive.css]
[themes.muffingroup.com/be/mechanic/wp-content/uploads/2016/03/home_mechanic_subheader.jpg]
[themes.muffingroup.com/be/mechanic/wp-content/plugins/mfn-be-demo/css/style.css]
[themes.muffingroup.com/be/mechanic/wp-includes/js/jquery/jquery.js]
[themes.muffingroup.com/be/mechanic/wp-includes/js/jquery/jquery-migrate.min.js]
[themes.muffingroup.com/be/mechanic/wp-content/plugins/revslider/public/assets/js/revolution.tools.min.js]
[themes.muffingroup.com/be/mechanic/wp-content/plugins/revslider/public/assets/js/rs6.min.js]
[themes.muffingroup.com/be/mechanic/xmlrpc0db0.php]
[themes.muffingroup.com/be/mechanic/wp-includes/wlwmanifest.xml]
[themes.muffingroup.com/be/mechanic/wp-json/index.html]
[themes.muffingroup.com/be/mechanic/wp-json/oembed/1.0/embedef14.json]
[themes.muffingroup.com/be/mechanic/wp-json/oembed/1.0/embed1017]
[themes.muffingroup.com/be/mechanic/wp-content/uploads/2015/02/mechanic.png]
[themes.muffingroup.com/be/mechanic/our-services/index.html]
[themes.muffingroup.com/be/mechanic/about-us/index.html]
[themes.muffingroup.com/be/mechanic/wp-content/uploads/2015/02/home_mechanic_slide_bg.jpg]
[themes.muffingroup.com/be/mechanic/clients/index.html]
[themes.muffingroup.com/be/mechanic/wp-content/uploads/2015/02/home_mechanic_video.jpg]
[themes.muffingroup.com/be/mechanic/contact-us/index.html]
[themes.muffingroup.com/be/mechanic/wp-content/uploads/2014/05/mechanic_blog_1.jpg]
[themes.muffingroup.com/be/mechanic/portfolio-item/pellentesque-malesuada-fames-2/index.html]
[themes.muffingroup.com/be/mechanic/wp-content/uploads/2014/05/mechanic_blog_1-1200x800.jpg]
[themes.muffingroup.com/be/mechanic/wp-content/uploads/2014/05/mechanic_blog_2.jpg]
[themes.muffingroup.com/be/mechanic/portfolio-item/proin-dui-sodales-sapien-luctus-2/index.html]
[themes.muffingroup.com/be/mechanic/wp-content/uploads/2014/05/mechanic_blog_2-1200x800.jpg]
[themes.muffingroup.com/be/mechanic/wp-content/uploads/2014/05/mechanic_blog_3.jpg]
[themes.muffingroup.com/be/mechanic/portfolio-item/nunc-dolor-sed-laoreet-urna-2/index.html]
[themes.muffingroup.com/be/mechanic/wp-content/uploads/2014/05/mechanic_blog_3-1200x800.jpg]
[themes.muffingroup.com/be/mechanic/wp-content/uploads/2014/05/mechanic_blog_4.jpg]
[themes.muffingroup.com/be/mechanic/portfolio-item/cum-sociis-natoque-penatibus-2/index.html]
[themes.muffingroup.com/be/mechanic/wp-content/uploads/2014/05/mechanic_blog_4-1200x800.jpg]
[themes.muffingroup.com/be/mechanic/wp-content/uploads/2014/05/mechanic_blog_5.jpg]
[themes.muffingroup.com/be/mechanic/portfolio-item/vivamus-malesuada-fames-ac-2/index.html]
[themes.muffingroup.com/be/mechanic/wp-content/uploads/2014/05/mechanic_blog_5-1200x800.jpg]
[themes.muffingroup.com/be/mechanic/wp-content/uploads/2015/02/client_1-145x75.png]
[themes.muffingroup.com/be/mechanic/wp-content/uploads/2015/02/client_2-145x75.png]
[themes.muffingroup.com/be/mechanic/wp-content/uploads/2015/02/client_3-145x75.png]
[themes.muffingroup.com/be/mechanic/wp-content/uploads/2015/02/client_4-145x75.png]
[themes.muffingroup.com/be/mechanic/wp-content/uploads/2015/02/client_5-145x75.png]
[themes.muffingroup.com/be/mechanic/wp-content/uploads/2015/02/client_6-145x75.png]
[muffingroup.com/themeforest_images/betheme/demo/theme.jpg]
[muffingroup.com/themeforest_images/betheme/demo/spa4.jpg]
[muffingroup.com/themeforest_images/betheme/demo/hosting3.jpg]
[muffingroup.com/themeforest_images/betheme/demo/video3.jpg]
[muffingroup.com/themeforest_images/betheme/demo/marathon.jpg]
[muffingroup.com/themeforest_images/betheme/demo/taxi2.jpg]
[muffingroup.com/themeforest_images/betheme/demo/boxing.jpg]
[muffingroup.com/themeforest_images/betheme/demo/webinar.jpg]
[muffingroup.com/themeforest_images/betheme/demo/factory2.jpg]
[muffingroup.com/themeforest_images/betheme/demo/seajourney.jpg]
[muffingroup.com/themeforest_images/betheme/demo/print3.jpg]
[muffingroup.com/themeforest_images/betheme/demo/app5.jpg]
[muffingroup.com/themeforest_images/betheme/demo/biker3.jpg]
[muffingroup.com/themeforest_images/betheme/demo/honey.jpg]
[muffingroup.com/themeforest_images/betheme/demo/cleaner2.jpg]
[muffingroup.com/themeforest_images/betheme/demo/ebook2.jpg]
[muffingroup.com/themeforest_images/betheme/demo/festival.jpg]
[muffingroup.com/themeforest_images/betheme/demo/garden4.jpg]
[muffingroup.com/themeforest_images/betheme/demo/football2.jpg]
[muffingroup.com/themeforest_images/betheme/demo/architect5.jpg]
[muffingroup.com/themeforest_images/betheme/demo/cottage.jpg]
[muffingroup.com/themeforest_images/betheme/demo/company5.jpg]
[muffingroup.com/themeforest_images/betheme/demo/catering2.jpg]
[muffingroup.com/themeforest_images/betheme/demo/dj2.jpg]
[muffingroup.com/themeforest_images/betheme/demo/photography2.jpg]
[muffingroup.com/themeforest_images/betheme/demo/code2.jpg]
[muffingroup.com/themeforest_images/betheme/demo/bar3.jpg]
[muffingroup.com/themeforest_images/betheme/demo/dentist3.jpg]
[muffingroup.com/themeforest_images/betheme/demo/event4.jpg]
[muffingroup.com/themeforest_images/betheme/demo/sitter2.jpg]
[muffingroup.com/themeforest_images/betheme/demo/design3.jpg]
[muffingroup.com/themeforest_images/betheme/demo/photo2.jpg]
[muffingroup.com/themeforest_images/betheme/demo/psychologist.jpg]
[muffingroup.com/themeforest_images/betheme/demo/hotel4.jpg]
[muffingroup.com/themeforest_images/betheme/demo/gym3.jpg]
[muffingroup.com/themeforest_images/betheme/demo/yoga3.jpg]
[muffingroup.com/themeforest_images/betheme/demo/lab2.jpg]
[muffingroup.com/themeforest_images/betheme/demo/pizza4.jpg]
[muffingroup.com/themeforest_images/betheme/demo/mechanic5.jpg]
[muffingroup.com/themeforest_images/betheme/demo/medic3.jpg]
[muffingroup.com/themeforest_images/betheme/demo/barber3.jpg]
[muffingroup.com/themeforest_images/betheme/demo/itservice2.jpg]
[muffingroup.com/themeforest_images/betheme/demo/transport2.jpg]
[muffingroup.com/themeforest_images/betheme/demo/mechanic4.jpg]
[muffingroup.com/themeforest_images/betheme/demo/yacht.jpg]
[muffingroup.com/themeforest_images/betheme/demo/safari2.jpg]
[muffingroup.com/themeforest_images/betheme/demo/baker2.jpg]
[muffingroup.com/themeforest_images/betheme/demo/hairdresser2.jpg]
[muffingroup.com/themeforest_images/betheme/demo/mountainguide.jpg]
[muffingroup.com/themeforest_images/betheme/demo/extreme2.jpg]
[muffingroup.com/themeforest_images/betheme/demo/event3.jpg]
[muffingroup.com/themeforest_images/betheme/demo/product4.jpg]
[muffingroup.com/themeforest_images/betheme/demo/resort2.jpg]
[muffingroup.com/themeforest_images/betheme/demo/bistro3.jpg]
[muffingroup.com/themeforest_images/betheme/demo/danceschool.jpg]
[muffingroup.com/themeforest_images/betheme/demo/sciencecentre.jpg]
[muffingroup.com/themeforest_images/betheme/demo/polyglot.jpg]
[muffingroup.com/themeforest_images/betheme/demo/interior5.jpg]
[muffingroup.com/themeforest_images/betheme/demo/carpenter4.jpg]
[muffingroup.com/themeforest_images/betheme/demo/company4.jpg]
[muffingroup.com/themeforest_images/betheme/demo/club2.jpg]
[muffingroup.com/themeforest_images/betheme/demo/adventure2.jpg]
[muffingroup.com/themeforest_images/betheme/demo/whiskey.jpg]
[muffingroup.com/themeforest_images/betheme/demo/product3.jpg]
[muffingroup.com/themeforest_images/betheme/demo/organic.jpg]
[muffingroup.com/themeforest_images/betheme/demo/moving3.jpg]
[muffingroup.com/themeforest_images/betheme/demo/architect4.jpg]
[muffingroup.com/themeforest_images/betheme/demo/electronics.jpg]
[muffingroup.com/themeforest_images/betheme/demo/tea3.jpg]
[muffingroup.com/themeforest_images/betheme/demo/hosting2.jpg]
[themes.muffingroup.com/be/mechanic/wp-content/plugins/contact-form-7/includes/js/scripts.js]
[themes.muffingroup.com/be/mechanic/wp-includes/js/jquery/ui/core.min.js]
[themes.muffingroup.com/be/mechanic/wp-includes/js/jquery/ui/widget.min.js]
[themes.muffingroup.com/be/mechanic/wp-includes/js/jquery/ui/mouse.min.js]
[themes.muffingroup.com/be/mechanic/wp-includes/js/jquery/ui/sortable.min.js]
[themes.muffingroup.com/be/mechanic/wp-includes/js/jquery/ui/tabs.min.js]
[themes.muffingroup.com/be/mechanic/wp-includes/js/jquery/ui/accordion.min.js]
[themes.muffingroup.com/be/mechanic/wp-content/themes/betheme/js/plugins.js]
[themes.muffingroup.com/be/mechanic/wp-content/themes/betheme/js/menu.js]
[themes.muffingroup.com/be/mechanic/wp-content/themes/betheme/assets/animations/animations.min.js]
[themes.muffingroup.com/be/mechanic/wp-content/themes/betheme/assets/jplayer/jplayer.min.js]
[themes.muffingroup.com/be/mechanic/wp-content/themes/betheme/js/parallax/translate3d.js]
[themes.muffingroup.com/be/mechanic/wp-content/themes/betheme/js/scripts.js]
[themes.muffingroup.com/be/mechanic/wp-includes/js/comment-reply.min.js]
[themes.muffingroup.com/be/mechanic/wp-content/plugins/mfn-be-demo/js/scripts.js]
[themes.muffingroup.com/be/mechanic/wp-includes/js/wp-embed.min.js]
[themes.muffingroup.com/be/mechanic/index.html]
[themes.muffingroup.com/be/mechanic/wp-includes/css/dist/block-library/style.min.css]
[themes.muffingroup.com/be/mechanic/wp-content/plugins/contact-form-7/images/ajax-loader.gif]
[themes.muffingroup.com/be/mechanic/wp-content/plugins/contact-form-7/includes/css/styles.css]
[themes.muffingroup.com/be/mechanic/wp-content/plugins/revslider/public/assets/fonts/revicons/revicons90c6.eot]
[themes.muffingroup.com/be/mechanic/wp-content/plugins/revslider/public/assets/fonts/revicons/revicons90c6.woff]
[themes.muffingroup.com/be/mechanic/wp-content/plugins/revslider/public/assets/fonts/revicons/revicons90c6.ttf]
[themes.muffingroup.com/be/mechanic/wp-content/plugins/revslider/public/assets/fonts/revicons/revicons90c6.svg]
[themes.muffingroup.com/be/mechanic/wp-content/plugins/revslider/public/assets/assets/gridtile.png]
[themes.muffingroup.com/be/mechanic/wp-content/plugins/revslider/public/assets/assets/gridtile_white.png]
[themes.muffingroup.com/be/mechanic/wp-content/plugins/revslider/public/assets/assets/gridtile_3x3.png]
[themes.muffingroup.com/be/mechanic/wp-content/plugins/revslider/public/assets/assets/gridtile_3x3_white.png]
[themes.muffingroup.com/be/mechanic/wp-content/plugins/revslider/public/assets/assets/coloredbg.png]
[themes.muffingroup.com/be/mechanic/wp-content/plugins/revslider/public/assets/assets/loader.gif]
[themes.muffingroup.com/be/mechanic/wp-content/plugins/revslider/public/assets/css/rs6.css]
[themes.muffingroup.com/be/mechanic/wp-content/themes/betheme/style.css]
[themes.muffingroup.com/be/mechanic/wp-content/themes/betheme/fonts/mfn-icons40bb.eot]
[themes.muffingroup.com/be/mechanic/wp-content/themes/betheme/fonts/mfn-icons40bb.woff]
[themes.muffingroup.com/be/mechanic/wp-content/themes/betheme/fonts/mfn-icons40bb.ttf]
[themes.muffingroup.com/be/mechanic/wp-content/themes/betheme/fonts/mfn-icons40bb.svg]
[themes.muffingroup.com/be/mechanic/wp-content/themes/betheme/images/stripes/stripes_5_b.png]
[themes.muffingroup.com/be/mechanic/wp-content/themes/betheme/css/base.css]
[themes.muffingroup.com/be/mechanic/wp-content/themes/betheme/images/stripes/stripes_3_b.png]
[themes.muffingroup.com/be/mechanic/wp-content/themes/betheme/images/preloader.gif]
[themes.muffingroup.com/be/mechanic/wp-content/themes/betheme/images/box_shadow.png]
[themes.muffingroup.com/be/mechanic/wp-content/themes/betheme/images/blog_masonry_tile_gradient.png]
[themes.muffingroup.com/be/mechanic/wp-content/themes/betheme/images/timeline_right.png]
[themes.muffingroup.com/be/mechanic/wp-content/themes/betheme/images/recent_comments.png]
[themes.muffingroup.com/be/mechanic/wp-content/themes/betheme/images/stripes/stripes_10_w.png]
[themes.muffingroup.com/be/mechanic/wp-content/themes/betheme/images/videomask.png]
[themes.muffingroup.com/be/mechanic/wp-content/themes/betheme/images/stripes/textline_dark.png]
[themes.muffingroup.com/be/mechanic/wp-content/themes/betheme/images/fancy_heading_hr_dark.png]
[themes.muffingroup.com/be/mechanic/wp-content/themes/betheme/css/layout.css]
[themes.muffingroup.com/be/mechanic/wp-content/themes/betheme/images/stripes/textline.png]
[themes.muffingroup.com/be/mechanic/wp-content/themes/betheme/images/stripes/stripes_10_b.png]
[themes.muffingroup.com/be/mechanic/wp-content/themes/betheme/images/timeline_top.png]
[themes.muffingroup.com/be/mechanic/wp-content/themes/betheme/images/timeline_left.png]
[themes.muffingroup.com/be/mechanic/wp-content/themes/betheme/images/fancy_heading_hr.png]
[themes.muffingroup.com/be/mechanic/wp-content/themes/betheme/css/shortcodes.css]
[themes.muffingroup.com/be/mechanic/wp-content/themes/betheme/assets/animations/animations.min.css]
[themes.muffingroup.com/be/mechanic/wp-content/themes/betheme/assets/ui/images/ui-icons_222222_256x240.png]
[themes.muffingroup.com/be/mechanic/wp-content/themes/betheme/assets/ui/images/ui-bg_flat_0_aaaaaa_40x100.png]
[themes.muffingroup.com/be/mechanic/wp-content/themes/betheme/assets/ui/images/bg_widget_header.png]
[themes.muffingroup.com/be/mechanic/wp-content/themes/betheme/assets/ui/images/bg_widget_header_active.png]
[themes.muffingroup.com/be/mechanic/wp-content/themes/betheme/images/bg_panel.png]
[themes.muffingroup.com/be/mechanic/wp-content/themes/betheme/assets/ui/images/ui-bg_flat_75_ffffff_40x100.png]
[themes.muffingroup.com/be/mechanic/wp-content/themes/betheme/assets/ui/images/ui-bg_glass_55_fbf9ee_1x400.png]
[themes.muffingroup.com/be/mechanic/wp-content/themes/betheme/assets/ui/images/ui-bg_glass_95_fef1ec_1x400.png]
[themes.muffingroup.com/be/mechanic/wp-content/themes/betheme/assets/ui/images/ui-icons_888888_256x240.png]
[themes.muffingroup.com/be/mechanic/wp-content/themes/betheme/assets/ui/images/ui-icons_2e83ff_256x240.png]
[themes.muffingroup.com/be/mechanic/wp-content/themes/betheme/assets/ui/images/ui-icons_cd0a0a_256x240.png]
[themes.muffingroup.com/be/mechanic/wp-content/themes/betheme/assets/ui/images/ui-icons_454545_256x240.png]
[themes.muffingroup.com/be/mechanic/wp-content/themes/betheme/assets/ui/jquery.ui.all.css]
[themes.muffingroup.com/be/mechanic/wp-content/themes/betheme/assets/jplayer/css/jplayer.png]
[themes.muffingroup.com/be/mechanic/wp-content/themes/betheme/assets/jplayer/css/jplayer.blue.monday.jpg]
[themes.muffingroup.com/be/mechanic/wp-content/themes/betheme/assets/jplayer/css/jplayer.blue.monday.seeking.gif]
[themes.muffingroup.com/be/mechanic/wp-content/themes/betheme/assets/jplayer/css/jplayer.blue.monday.css]
[themes.muffingroup.com/be/mechanic/wp-content/themes/betheme/css/responsive.css]
[themes.muffingroup.com/be/mechanic/wp-content/plugins/mfn-be-demo/css/style.css]
[themes.muffingroup.com/be/mechanic/wp-includes/js/jquery/jquery.js]
[themes.muffingroup.com/be/mechanic/wp-includes/js/jquery/jquery-migrate.min.js]
[themes.muffingroup.com/be/mechanic/Version/index.html]
[themes.muffingroup.com/be/mechanic/CustomEase.min.js]
[themes.muffingroup.com/be/TweenLite.min.js]
[themes.muffingroup.com/be/mechanic/wp-content/plugins/revslider/public/assets/js/revolution.tools.min.js]
[themes.muffingroup.com/be/mechanic/wp-content/plugins/revslider/public/assets/js/rs6.min.js]
[themes.muffingroup.com/be/mechanic/xmlrpc0db0.html]
[player.vimeo.com/api/player.js]
[themes.muffingroup.com/be/mechanic/about-us/feed/index.html]
[themes.muffingroup.com/be/mechanic/wp-json/oembed/1.0/embedaffe.json]
[themes.muffingroup.com/be/mechanic/wp-json/oembed/1.0/embed8d26]
[themes.muffingroup.com/be/mechanic/wp-content/uploads/2014/05/mechanic_blog_5-300x300.jpg]
[themes.muffingroup.com/be/mechanic/wp-content/uploads/2014/05/mechanic_blog_4-300x300.jpg]
[themes.muffingroup.com/be/mechanic/wp-content/uploads/2014/05/mechanic_blog_3-300x300.jpg]
[themes.muffingroup.com/be/mechanic/wp-content/uploads/2014/05/mechanic_blog_2-300x300.jpg]
[themes.muffingroup.com/be/mechanic/about-us/index.html]
[themes.muffingroup.com/be/mechanic/our-services/feed/index.html]
[themes.muffingroup.com/be/mechanic/wp-json/oembed/1.0/embed55c7.json]
[themes.muffingroup.com/be/mechanic/our-services/index.html]
[themes.muffingroup.com/be/mechanic/wp-json/oembed/1.0/embedcbd0]
[themes.muffingroup.com/be/mechanic/clients/feed/index.html]
[themes.muffingroup.com/be/mechanic/wp-json/oembed/1.0/embeda5b1.json]
[themes.muffingroup.com/be/mechanic/wp-json/oembed/1.0/embed9389]
[themes.muffingroup.com/be/mechanic/wp-content/uploads/2015/02/client_1.png]
[themes.muffingroup.com/be/mechanic/wp-content/uploads/2015/02/client_2.png]
[themes.muffingroup.com/be/mechanic/wp-content/uploads/2015/02/client_3.png]
[themes.muffingroup.com/be/mechanic/wp-content/uploads/2015/02/client_4.png]
[themes.muffingroup.com/be/mechanic/wp-content/uploads/2015/02/client_5.png]
[themes.muffingroup.com/be/mechanic/wp-content/uploads/2015/02/client_6.png]
[themes.muffingroup.com/be/mechanic/clients/index.html]
[themes.muffingroup.com/be/mechanic/wp-json/oembed/1.0/embed7051.json]
[themes.muffingroup.com/be/mechanic/contact-us/feed/index.html]
[themes.muffingroup.com/be/mechanic/wp-json/oembed/1.0/embed6799]
[themes.muffingroup.com/be/mechanic/wp-content/uploads/2015/02/get_in_touch.png]
[themes.muffingroup.com/be/mechanic/contact-us/index.html]
[themes.muffingroup.com/cdn-cgi/scripts/5c5dd728/cloudflare-static/email-decode.min.js]
[themes.muffingroup.com/be/mechanic/wp-json/oembed/1.0/embed7dce.json]
[themes.muffingroup.com/be/mechanic/wp-json/oembed/1.0/embede76d]
[themes.muffingroup.com/be/mechanic/wp-content/uploads/2014/05/mechanic_blog_2-80x80.jpg]
[themes.muffingroup.com/be/mechanic/wp-content/uploads/2014/05/mechanic_blog_1-1200x480.jpg]
[themes.muffingroup.com/be/mechanic/portfolio-item/pellentesque-malesuada-fames-2/index.html]
[ws.sharethis.com/button/buttons.js]
[themes.muffingroup.com/be/mechanic/wp-json/oembed/1.0/embedf18e.json]
[themes.muffingroup.com/be/mechanic/wp-json/oembed/1.0/embed48c9]
[themes.muffingroup.com/be/mechanic/wp-content/uploads/2014/05/mechanic_blog_1-80x80.jpg]
[themes.muffingroup.com/be/mechanic/wp-content/uploads/2014/05/mechanic_blog_3-80x80.jpg]
[themes.muffingroup.com/be/mechanic/wp-content/uploads/2014/05/mechanic_blog_2-1200x480.jpg]
[themes.muffingroup.com/be/mechanic/portfolio-item/proin-dui-sodales-sapien-luctus-2/index.html]
[themes.muffingroup.com/be/mechanic/wp-json/oembed/1.0/embed6f41.json]
[themes.muffingroup.com/be/mechanic/wp-json/oembed/1.0/embed96b3]
[themes.muffingroup.com/be/mechanic/wp-content/uploads/2014/05/mechanic_blog_4-80x80.jpg]
[themes.muffingroup.com/be/mechanic/wp-content/uploads/2014/05/mechanic_blog_3-1200x480.jpg]
[themes.muffingroup.com/be/mechanic/portfolio-item/nunc-dolor-sed-laoreet-urna-2/index.html]
[themes.muffingroup.com/be/mechanic/wp-json/oembed/1.0/embed2e82.json]
[themes.muffingroup.com/be/mechanic/wp-json/oembed/1.0/embed9f55]
[themes.muffingroup.com/be/mechanic/wp-content/uploads/2014/05/mechanic_blog_5-80x80.jpg]
[themes.muffingroup.com/be/mechanic/wp-content/uploads/2014/05/mechanic_blog_4-1200x480.jpg]
[themes.muffingroup.com/be/mechanic/portfolio-item/cum-sociis-natoque-penatibus-2/index.html]
[themes.muffingroup.com/be/mechanic/wp-json/oembed/1.0/embedd1de.json]
[themes.muffingroup.com/be/mechanic/wp-json/oembed/1.0/embedb64a]
[themes.muffingroup.com/be/mechanic/wp-content/uploads/2014/05/mechanic_blog_5-1200x480.jpg]
[themes.muffingroup.com/be/mechanic/portfolio-item/vivamus-malesuada-fames-ac-2/index.html]
[themes.muffingroup.com/be/mechanic/wp-content/plugins/contact-form-7/includes/js/scripts.js]
[themes.muffingroup.com/be/mechanic/wp-includes/js/jquery/ui/core.min.js]
[themes.muffingroup.com/be/mechanic/wp-includes/js/jquery/ui/widget.min.js]
[themes.muffingroup.com/be/mechanic/wp-includes/js/jquery/ui/mouse.min.js]
[themes.muffingroup.com/be/mechanic/wp-includes/js/jquery/ui/sortable.min.js]
[themes.muffingroup.com/be/mechanic/wp-includes/js/jquery/ui/tabs.min.js]
[themes.muffingroup.com/be/mechanic/wp-includes/js/jquery/ui/accordion.min.js]
[themes.muffingroup.com/be/mechanic/wp-content/themes/betheme/js/plugins.js]
[themes.muffingroup.com/be/mechanic/wp-content/themes/betheme/js/menu.js]
[themes.muffingroup.com/be/mechanic/wp-content/themes/betheme/assets/animations/animations.min.js]
[themes.muffingroup.com/be/mechanic/wp-content/themes/betheme/assets/jplayer/jplayer.min.js]
[themes.muffingroup.com/be/mechanic/wp-content/themes/betheme/js/parallax/translate3d.js]
[themes.muffingroup.com/be/mechanic/wp-content/themes/betheme/js/scripts.js]
[themes.muffingroup.com/be/mechanic/wp-includes/js/comment-reply.min.js]
[themes.muffingroup.com/be/mechanic/wp-content/plugins/mfn-be-demo/js/scripts.js]
[themes.muffingroup.com/be/mechanic/wp-includes/js/wp-embed.min.js]
[themes.muffingroup.com/be/mechanic/wp-content/plugins/revslider/public/assets/fonts/revicons/revicons90c6.svg]
[themes.muffingroup.com/be/mechanic/wp-content/plugins/revslider/public/assets/css/openhand.html]
[themes.muffingroup.com/be/mechanic/wp-content/plugins/revslider/public/assets/css/closedhand.html]
[themes.muffingroup.com/be/mechanic/wp-content/themes/betheme/fonts/mfn-icons40bb.svg]
[themes.muffingroup.com/be/mechanic/Version/index.html]
[themes.muffingroup.com/be/mechanic/CustomEase.min.html]
[themes.muffingroup.com/be/TweenLite.min.html]
[themes.muffingroup.com/be/mechanic/origin=https_/index.html]
[themes.muffingroup.com/be/mechanic/index3c3f.html]
[themes.muffingroup.com/be/mechanic/indexe1a1.html]
[themes.muffingroup.com/be/mechanic/index34ae.html]
[themes.muffingroup.com/be/mechanic/indexa4e2.html]
[themes.muffingroup.com/be/mechanic/indexb2a8.html]
[themes.muffingroup.com/be/mechanic/index4a60.html]
[themes.muffingroup.com/be/mechanic/indexf8c8.html]
[themes.muffingroup.com/be/mechanic/index86c5.html]
[themes.muffingroup.com/be/mechanic/index3c3e.html]
